# Page and console errors from the screenshot captures.
#
# TRUNCATED 2026-09-13. The previous 8,638 lines were a single local-only artifact:
# Sanity's live-events SSE stream is CORS-blocked on 127.0.0.1 and allowed in production.
# It is now in the harness's ignore list, and uncaught exceptions plus non-artifact request
# failures FAIL the capture instead of being appended here unread.

## 1440 - /blog
[console] Failed to load resource: the server responded with a status of 404 (Not Found)
[console] Failed to load resource: net::ERR_FAILED

## 1440 - /garden
[console] Failed to load resource: net::ERR_FAILED
[console] Failed to load resource: the server responded with a status of 404 (Not Found)

## 1440 - /
[console] Failed to load resource: net::ERR_FAILED
[console] Failed to load resource: the server responded with a status of 404 (Not Found)

## 1440 - /library
[console] Failed to load resource: the server responded with a status of 404 (Not Found)
[console] Failed to load resource: net::ERR_FAILED

## 1440 - /projects
[console] Failed to load resource: the server responded with a status of 404 (Not Found)
[console] Failed to load resource: net::ERR_FAILED

## 1440 - /graph
[console] Failed to load resource: the server responded with a status of 404 (Not Found)
[console] Failed to load resource: net::ERR_FAILED

## 1440 - /services
[console] Failed to load resource: the server responded with a status of 404 (Not Found)
[console] Failed to load resource: net::ERR_FAILED

## 1440 - /blog/building-my-physical-home-lab-week-2-documentation-and-extensive-researching
[console] Failed to load resource: net::ERR_FAILED
[console] Failed to load resource: the server responded with a status of 404 (Not Found)

## 1440 - /photography
[console] Failed to load resource: net::ERR_FAILED
[console] Failed to load resource: the server responded with a status of 404 (Not Found)

## 1440 - /resume
[console] Failed to load resource: the server responded with a status of 404 (Not Found)
[console] Failed to load resource: net::ERR_FAILED

## 1440 - /now
[console] Failed to load resource: net::ERR_FAILED
[console] Failed to load resource: the server responded with a status of 404 (Not Found)

## 1440 - /contact
[console] Failed to load resource: the server responded with a status of 404 (Not Found)
[console] Failed to load resource: net::ERR_FAILED

## 1440 - /uses
[console] Failed to load resource: the server responded with a status of 404 (Not Found)
[console] Failed to load resource: net::ERR_FAILED

## 768 - /blog
[console] Failed to load resource: the server responded with a status of 404 (Not Found)
[console] Failed to load resource: net::ERR_FAILED

## 768 - /
[console] Failed to load resource: the server responded with a status of 404 (Not Found)
[console] Failed to load resource: net::ERR_FAILED

## 768 - /projects
[console] Failed to load resource: the server responded with a status of 404 (Not Found)
[console] Failed to load resource: net::ERR_FAILED

## 768 - /resume
[console] Failed to load resource: the server responded with a status of 404 (Not Found)
[console] Failed to load resource: net::ERR_FAILED

## 768 - /garden
[console] Failed to load resource: the server responded with a status of 404 (Not Found)
[console] Failed to load resource: net::ERR_FAILED

## 768 - /library
[console] Failed to load resource: the server responded with a status of 404 (Not Found)
[console] Failed to load resource: net::ERR_FAILED

## 768 - /now
[console] Failed to load resource: the server responded with a status of 404 (Not Found)
[console] Failed to load resource: net::ERR_FAILED

## 768 - /graph
[console] Failed to load resource: net::ERR_FAILED
[console] Failed to load resource: the server responded with a status of 404 (Not Found)

## 768 - /services
[console] Failed to load resource: the server responded with a status of 404 (Not Found)
[console] Failed to load resource: net::ERR_FAILED

## 768 - /photography
[console] Failed to load resource: the server responded with a status of 404 (Not Found)
[console] Failed to load resource: net::ERR_FAILED

## 768 - /uses
[console] Failed to load resource: the server responded with a status of 404 (Not Found)
[console] Failed to load resource: net::ERR_FAILED

## 768 - /contact
[console] Failed to load resource: the server responded with a status of 404 (Not Found)
[console] Failed to load resource: net::ERR_FAILED

## 768 - /blog/building-my-physical-home-lab-week-2-documentation-and-extensive-researching
[console] Failed to load resource: the server responded with a status of 404 (Not Found)
[console] Failed to load resource: net::ERR_FAILED

## 390 - /blog
[console] Failed to load resource: net::ERR_FAILED
[console] Failed to load resource: the server responded with a status of 404 (Not Found)

## 390 - /garden
[console] Failed to load resource: the server responded with a status of 404 (Not Found)
[console] Failed to load resource: net::ERR_FAILED

## 390 - /
[console] Failed to load resource: the server responded with a status of 404 (Not Found)
[console] Failed to load resource: net::ERR_FAILED

## 390 - /projects
[console] Failed to load resource: the server responded with a status of 404 (Not Found)
[console] Failed to load resource: net::ERR_FAILED

## 390 - /library
[console] Failed to load resource: the server responded with a status of 404 (Not Found)
[console] Failed to load resource: net::ERR_FAILED

## 390 - /resume
[console] Failed to load resource: the server responded with a status of 404 (Not Found)
[console] Failed to load resource: net::ERR_FAILED

## 390 - /now
[console] Failed to load resource: the server responded with a status of 404 (Not Found)
[console] Failed to load resource: net::ERR_FAILED

## 390 - /graph
[console] Failed to load resource: the server responded with a status of 404 (Not Found)
[console] Failed to load resource: net::ERR_FAILED

## 390 - /services
[console] Failed to load resource: the server responded with a status of 404 (Not Found)
[console] Failed to load resource: net::ERR_FAILED

## 390 - /uses
[console] Failed to load resource: the server responded with a status of 404 (Not Found)
[console] Failed to load resource: net::ERR_FAILED

## 390 - /contact
[console] Failed to load resource: the server responded with a status of 404 (Not Found)
[console] Failed to load resource: net::ERR_FAILED

## 390 - /photography
[console] Failed to load resource: the server responded with a status of 404 (Not Found)
[console] Failed to load resource: net::ERR_FAILED

## 390 - /blog/building-my-physical-home-lab-week-2-documentation-and-extensive-researching
[console] Failed to load resource: the server responded with a status of 404 (Not Found)
[console] Failed to load resource: net::ERR_FAILED
